// Jest Snapshot v1, https://goo.gl/fbAQLP

exports[`Key renders correctly 1`] = `
<button
  className="bg-purple-light"
  onClick={[Function]}
  type="button"
>
  6
</button>
`;
