// Jest Snapshot v1, https://goo.gl/fbAQLP

exports[`PageHeading renders correctly 1`] = `
<h2>
  Welcome!
</h2>
`;
