// Jest Snapshot v1, https://goo.gl/fbAQLP

exports[`Display renders correctly 1`] = `
<span
  className="display"
>
  
      9+34
</span>
`;
