// Jest Snapshot v1, https://goo.gl/fbAQLP

exports[`Keyboard renders correctly 1`] = `
<div
  className="keyboard"
>
  <button
    className="bg-purple"
    onClick={[Function]}
    type="button"
  >
    AC
  </button>
  <button
    className="bg-purple-light"
    onClick={[Function]}
    type="button"
  >
    +/-
  </button>
  <button
    className="bg-purple-light"
    onClick={[Function]}
    type="button"
  >
    %
  </button>
  <button
    className="bg-purple-light"
    onClick={[Function]}
    type="button"
  >
    /
  </button>
  <button
    className="bg-purple-dark"
    onClick={[Function]}
    type="button"
  >
    7
  </button>
  <button
    className="bg-purple-dark"
    onClick={[Function]}
    type="button"
  >
    8
  </button>
  <button
    className="bg-purple-dark"
    onClick={[Function]}
    type="button"
  >
    9
  </button>
  <button
    className="bg-purple-light"
    onClick={[Function]}
    type="button"
  >
    x
  </button>
  <button
    className="bg-purple-dark"
    onClick={[Function]}
    type="button"
  >
    4
  </button>
  <button
    className="bg-purple-dark"
    onClick={[Function]}
    type="button"
  >
    5
  </button>
  <button
    className="bg-purple-dark"
    onClick={[Function]}
    type="button"
  >
    6
  </button>
  <button
    className="bg-purple-light"
    onClick={[Function]}
    type="button"
  >
    -
  </button>
  <button
    className="bg-purple-dark"
    onClick={[Function]}
    type="button"
  >
    1
  </button>
  <button
    className="bg-purple-dark"
    onClick={[Function]}
    type="button"
  >
    2
  </button>
  <button
    className="bg-purple-dark"
    onClick={[Function]}
    type="button"
  >
    3
  </button>
  <button
    className="bg-purple-light"
    onClick={[Function]}
    type="button"
  >
    +
  </button>
  <button
    className="span-two-col bg-purple-dark"
    onClick={[Function]}
    type="button"
  >
    0
  </button>
  <button
    className="bg-purple-dark"
    onClick={[Function]}
    type="button"
  >
    .
  </button>
  <button
    className="bg-cyan"
    onClick={[Function]}
    type="button"
  >
    =
  </button>
</div>
`;
