// Jest Snapshot v1, https://goo.gl/fbAQLP

exports[`NavigationBar renders correctly 1`] = `
<nav>
  <a
    href="/"
    onClick={[Function]}
  >
    Home
  </a>
  <a
    href="/calculator"
    onClick={[Function]}
  >
    Calculator
  </a>
  <a
    href="/quote"
    onClick={[Function]}
  >
    Quote
  </a>
</nav>
`;
