// Jest Snapshot v1, https://goo.gl/fbAQLP

exports[`WebsiteTitle renders correctly 1`] = `
<h1>
  Math Magicians
</h1>
`;
